positive(-1): OutOfRange(-1 is not positive (must be >= 1))
positive(0): OutOfRange(0 is not positive (must be >= 1))
positive(1): Ok(1)
positive(99): Ok(99)
non_negative(-1): OutOfRange(-1 is negative (must be >= 0))
non_negative(0): Ok(0)
non_negative(7): Ok(7)
between 1..10 of -1: OutOfRange(-1 < min 1)
between 1..10 of 1: Ok(1)
between 1..10 of 5: Ok(5)
between 1..10 of 10: Ok(10)
between 1..10 of 11: OutOfRange(11 > max 10)
